[36mvite v7.3.0 [32mbuilding client environment for production...[36m[39m
transforming...
[32m✓[39m 3427 modules transformed.
rendering chunks...
computing gzip size...
[2mdist/[22m[32mindex.html                 [39m[1m[2m    0.46 kB[22m[1m[22m[2m │ gzip:   0.30 kB[22m
[2mdist/[22m[35massets/index-BhPq6AZb.css  [39m[1m[2m   60.43 kB[22m[1m[22m[2m │ gzip:   9.59 kB[22m
[2mdist/[22m[36massets/index-DowTC3UN.js   [39m[1m[33m1,577.39 kB[39m[22m[2m │ gzip: 430.79 kB[22m
[32m✓ built in 23.56s[39m
